// Jest Snapshot v1, https://goo.gl/fbAQLP

exports[`ArticleContainer should match the snapshot 1`] = `
<h1
  className="ArticleContainer--no-faves"
>
  No favorites yet!
</h1>
`;
