// Jest Snapshot v1, https://goo.gl/fbAQLP

exports[`Home should match the snapshot 1`] = `
<div
  className="Home"
>
  <h1>
    welcome! newsalbum gathers the ten latest STEM articles from top sources for you to have at your fingertips. click on a news source above to get started.
  </h1>
</div>
`;
