// Jest Snapshot v1, https://goo.gl/fbAQLP

exports[`Header should match the snapshot 1`] = `
<Fragment>
  <h1
    className="Header--title"
  >
    news
    <span>
      album
    </span>
  </h1>
  <div
    className="Header--quote-and-favorites"
  >
    <div
      className="Header--quote"
    >
      <h2
        className="Header--learn"
      >
        LEARN +
      </h2>
      <h2
        className="Header--get-inspired"
      >
        GET INSPIRED.
      </h2>
    </div>
    <Link
      className="Header--Link"
      replace={false}
      to="/favorites"
    >
      <h3
        className="Header--favorites"
      >
        my
        <span>
          favorites
        </span>
        0
      </h3>
    </Link>
  </div>
</Fragment>
`;
